<article>
    <section>
      <ul>
          <li><a href="/articles/2017/01/01" title="Sunday, 1st January 2017">Sunday, 1st January 2017</li>
      </ul>
    </section>
  <section>
    <ul>
        <li><a href="/charlie.md" title="Charlie">Charlie</li>
    </ul>
  </section>
</article>
