<article>
  <section>
      <h2>Sunday, 1st January 2017</h2>
    <ul>
        <li><a href="/charlie.md" title="Charlie">Charlie</li>
    </ul>
  </section>
</article>
