<article>
    <section>
      <ul>
          <li><a href="/2015/01/01" title="Thursday, 1st January 2015">Thursday, 1st January 2015</li>
      </ul>
    </section>
  <section>
    <ul>
        <li><a href="/alpha.md" title="Alpha">Alpha</li>
    </ul>
  </section>
</article>
