<article>
    <section>
      <ul>
          <li><a href="/articles/2015/01" title="January 2015">January 2015</li>
      </ul>
    </section>
  <section>
    <ul>
        <li><a href="/alpha.md" title="Alpha">Alpha</li>
    </ul>
  </section>
</article>
