<article>
    <section>
      <ul>
          <li><a href="/articles/2016/01" title="January 2016">January 2016</li>
      </ul>
    </section>
  <section>
    <ul>
        <li><a href="/beta.md" title="Beta">Beta</li>
    </ul>
  </section>
</article>
