<article>
  <section>
      <h2>Friday, 1st January 2016</h2>
    <ul>
        <li><a href="/beta.md" title="Beta">Beta</li>
    </ul>
  </section>
</article>
