<article>
  <section>
      <h2>Thursday, 1st January 2015</h2>
    <ul>
        <li><a href="/alpha.md" title="Alpha">Alpha</li>
    </ul>
  </section>
</article>
