<article>
    <section>
      <ul>
          <li><a href="/2017/01" title="January 2017">January 2017</li>
      </ul>
    </section>
  <section>
    <ul>
        <li><a href="/charlie.md" title="Charlie">Charlie</li>
    </ul>
  </section>
</article>
