<article>
    <section>
      <ul>
          <li><a href="/2016/01/01" title="Friday, 1st January 2016">Friday, 1st January 2016</li>
      </ul>
    </section>
  <section>
    <ul>
        <li><a href="/beta.md" title="Beta">Beta</li>
    </ul>
  </section>
</article>
